execve("./parent.out", ["./parent.out"], 0x7ffd0a361e90 /* 26 vars */) = 0
brk(NULL)                               = 0x5840966e1000
arch_prctl(0x3001 /* ARCH_??? */, 0x7ffe88d5c9b0) = -1 EINVAL (Invalid argument)
mmap(NULL, 8192, PROT_READ|PROT_WRITE, MAP_PRIVATE|MAP_ANONYMOUS, -1, 0) = 0x73064af77000
access("/etc/ld.so.preload", R_OK)      = -1 ENOENT (No such file or directory)
openat(AT_FDCWD, "/etc/ld.so.cache", O_RDONLY|O_CLOEXEC) = 3
newfstatat(3, "", {st_mode=S_IFREG|0644, st_size=12380, ...}, AT_EMPTY_PATH) = 0
mmap(NULL, 12380, PROT_READ, MAP_PRIVATE, 3, 0) = 0x73064af73000
close(3)                                = 0
openat(AT_FDCWD, "/lib/x86_64-linux-gnu/libc.so.6", O_RDONLY|O_CLOEXEC) = 3
read(3, "\177ELF\2\1\1\3\0\0\0\0\0\0\0\0\3\0>\0\1\0\0\0P\237\2\0\0\0\0\0"..., 832) = 832
pread64(3, "\6\0\0\0\4\0\0\0@\0\0\0\0\0\0\0@\0\0\0\0\0\0\0@\0\0\0\0\0\0\0"..., 784, 64) = 784
pread64(3, "\4\0\0\0 \0\0\0\5\0\0\0GNU\0\2\0\0\300\4\0\0\0\3\0\0\0\0\0\0\0"..., 48, 848) = 48
pread64(3, "\4\0\0\0\24\0\0\0\3\0\0\0GNU\0O{\f\225\\=\201\327\312\301P\32$\230\266\235"..., 68, 896) = 68
newfstatat(3, "", {st_mode=S_IFREG|0755, st_size=2220400, ...}, AT_EMPTY_PATH) = 0
pread64(3, "\6\0\0\0\4\0\0\0@\0\0\0\0\0\0\0@\0\0\0\0\0\0\0@\0\0\0\0\0\0\0"..., 784, 64) = 784
mmap(NULL, 2264656, PROT_READ, MAP_PRIVATE|MAP_DENYWRITE, 3, 0) = 0x73064ad4a000
mprotect(0x73064ad72000, 2023424, PROT_NONE) = 0
mmap(0x73064ad72000, 1658880, PROT_READ|PROT_EXEC, MAP_PRIVATE|MAP_FIXED|MAP_DENYWRITE, 3, 0x28000) = 0x73064ad72000
mmap(0x73064af07000, 360448, PROT_READ, MAP_PRIVATE|MAP_FIXED|MAP_DENYWRITE, 3, 0x1bd000) = 0x73064af07000
mmap(0x73064af60000, 24576, PROT_READ|PROT_WRITE, MAP_PRIVATE|MAP_FIXED|MAP_DENYWRITE, 3, 0x215000) = 0x73064af60000
mmap(0x73064af66000, 52816, PROT_READ|PROT_WRITE, MAP_PRIVATE|MAP_FIXED|MAP_ANONYMOUS, -1, 0) = 0x73064af66000
close(3)                                = 0
mmap(NULL, 12288, PROT_READ|PROT_WRITE, MAP_PRIVATE|MAP_ANONYMOUS, -1, 0) = 0x73064ad47000
arch_prctl(ARCH_SET_FS, 0x73064ad47740) = 0
set_tid_address(0x73064ad47a10)         = 23712
set_robust_list(0x73064ad47a20, 24)     = 0
rseq(0x73064ad480e0, 0x20, 0, 0x53053053) = 0
mprotect(0x73064af60000, 16384, PROT_READ) = 0
mprotect(0x58408c5cd000, 4096, PROT_READ) = 0
mprotect(0x73064afb1000, 8192, PROT_READ) = 0
prlimit64(0, RLIMIT_STACK, NULL, {rlim_cur=8192*1024, rlim_max=RLIM64_INFINITY}) = 0
munmap(0x73064af73000, 12380)           = 0
openat(AT_FDCWD, "/dev/shm/shm_float", O_RDWR|O_CREAT|O_NOFOLLOW|O_CLOEXEC, 0666) = 3
ftruncate(3, 392)                       = 0
mmap(NULL, 392, PROT_READ|PROT_WRITE, MAP_SHARED, 3, 0) = 0x73064afb0000
newfstatat(1, "", {st_mode=S_IFCHR|0620, st_rdev=makedev(0x88, 0x1), ...}, AT_EMPTY_PATH) = 0
getrandom("\xda\x68\x95\xff\xc4\x6e\x8a\x16", 8, GRND_NONBLOCK) = 8
brk(NULL)                               = 0x5840966e1000
brk(0x584096702000)                     = 0x584096702000
newfstatat(0, "", {st_mode=S_IFCHR|0620, st_rdev=makedev(0x88, 0x1), ...}, AT_EMPTY_PATH) = 0
write(1, "Enter filename: ", 16)        = 16
read(0, "../data/data.txt\n", 1024)     = 17
clone(child_stack=NULL, flags=CLONE_CHILD_CLEARTID|CLONE_CHILD_SETTID|SIGCHLD, child_tidptr=0x73064ad47a10) = 23749
futex(0x73064afb0168, FUTEX_WAIT_BITSET|FUTEX_CLOCK_REALTIME, 0, NULL, FUTEX_BITSET_MATCH_ANY) = 0
futex(0x73064afb0148, FUTEX_WAKE, 1)    = 1
write(1, "Result of calculations: 4572.000"..., 36) = 36
futex(0x73064afb0148, FUTEX_WAKE, 1)    = 1
write(1, "Result of calculations: 100.0000"..., 35) = 35
futex(0x73064afb0148, FUTEX_WAKE, 1)    = 1
write(1, "Result of calculations: 10.00000"..., 34) = ? ERESTARTSYS (To be restarted if SA_RESTART is set)
--- SIGCHLD {si_signo=SIGCHLD, si_code=CLD_EXITED, si_pid=23749, si_uid=1000, si_status=0, si_utime=0, si_stime=0} ---
write(1, "Result of calculations: 10.00000"..., 34) = 34
wait4(-1, NULL, 0, NULL)                = 23749
munmap(0x73064afb0000, 392)             = 0
unlink("/dev/shm/shm_float")            = 0
lseek(0, -1, SEEK_CUR)                  = -1 ESPIPE (Illegal seek)
exit_group(0)                           = ?
+++ exited with 0 +++
