execve("./Lab2/dice_sim.out", ["./Lab2/dice_sim.out", "10", "3", "7", "5", "1000000", "4"], 0x7ffe4799ed60 /* 26 vars */) = 0
brk(NULL)                               = 0x564debacc000
arch_prctl(0x3001 /* ARCH_??? */, 0x7ffeece16e00) = -1 EINVAL (Invalid argument)
mmap(NULL, 8192, PROT_READ|PROT_WRITE, MAP_PRIVATE|MAP_ANONYMOUS, -1, 0) = 0x7d2a0b11d000
access("/etc/ld.so.preload", R_OK)      = -1 ENOENT (No such file or directory)
openat(AT_FDCWD, "/etc/ld.so.cache", O_RDONLY|O_CLOEXEC) = 3
newfstatat(3, "", {st_mode=S_IFREG|0644, st_size=12380, ...}, AT_EMPTY_PATH) = 0
mmap(NULL, 12380, PROT_READ, MAP_PRIVATE, 3, 0) = 0x7d2a0b119000
close(3)                                = 0
openat(AT_FDCWD, "/lib/x86_64-linux-gnu/libc.so.6", O_RDONLY|O_CLOEXEC) = 3
read(3, "\177ELF\2\1\1\3\0\0\0\0\0\0\0\0\3\0>\0\1\0\0\0P\237\2\0\0\0\0\0"..., 832) = 832
pread64(3, "\6\0\0\0\4\0\0\0@\0\0\0\0\0\0\0@\0\0\0\0\0\0\0@\0\0\0\0\0\0\0"..., 784, 64) = 784
pread64(3, "\4\0\0\0 \0\0\0\5\0\0\0GNU\0\2\0\0\300\4\0\0\0\3\0\0\0\0\0\0\0"..., 48, 848) = 48
pread64(3, "\4\0\0\0\24\0\0\0\3\0\0\0GNU\0O{\f\225\\=\201\327\312\301P\32$\230\266\235"..., 68, 896) = 68
newfstatat(3, "", {st_mode=S_IFREG|0755, st_size=2220400, ...}, AT_EMPTY_PATH) = 0
pread64(3, "\6\0\0\0\4\0\0\0@\0\0\0\0\0\0\0@\0\0\0\0\0\0\0@\0\0\0\0\0\0\0"..., 784, 64) = 784
mmap(NULL, 2264656, PROT_READ, MAP_PRIVATE|MAP_DENYWRITE, 3, 0) = 0x7d2a0aef0000
mprotect(0x7d2a0af18000, 2023424, PROT_NONE) = 0
mmap(0x7d2a0af18000, 1658880, PROT_READ|PROT_EXEC, MAP_PRIVATE|MAP_FIXED|MAP_DENYWRITE, 3, 0x28000) = 0x7d2a0af18000
mmap(0x7d2a0b0ad000, 360448, PROT_READ, MAP_PRIVATE|MAP_FIXED|MAP_DENYWRITE, 3, 0x1bd000) = 0x7d2a0b0ad000
mmap(0x7d2a0b106000, 24576, PROT_READ|PROT_WRITE, MAP_PRIVATE|MAP_FIXED|MAP_DENYWRITE, 3, 0x215000) = 0x7d2a0b106000
mmap(0x7d2a0b10c000, 52816, PROT_READ|PROT_WRITE, MAP_PRIVATE|MAP_FIXED|MAP_ANONYMOUS, -1, 0) = 0x7d2a0b10c000
close(3)                                = 0
mmap(NULL, 12288, PROT_READ|PROT_WRITE, MAP_PRIVATE|MAP_ANONYMOUS, -1, 0) = 0x7d2a0aeed000
arch_prctl(ARCH_SET_FS, 0x7d2a0aeed740) = 0
set_tid_address(0x7d2a0aeeda10)         = 19613
set_robust_list(0x7d2a0aeeda20, 24)     = 0
rseq(0x7d2a0aeee0e0, 0x20, 0, 0x53053053) = 0
mprotect(0x7d2a0b106000, 16384, PROT_READ) = 0
mprotect(0x564db1e04000, 4096, PROT_READ) = 0
mprotect(0x7d2a0b157000, 8192, PROT_READ) = 0
prlimit64(0, RLIMIT_STACK, NULL, {rlim_cur=8192*1024, rlim_max=RLIM64_INFINITY}) = 0
munmap(0x7d2a0b119000, 12380)           = 0
getrandom("\x20\xd9\x36\x75\xa6\x7d\x46\x21", 8, GRND_NONBLOCK) = 8
brk(NULL)                               = 0x564debacc000
brk(0x564debaed000)                     = 0x564debaed000
getpid()                                = 19613
rt_sigaction(SIGRT_1, {sa_handler=0x7d2a0af81870, sa_mask=[], sa_flags=SA_RESTORER|SA_ONSTACK|SA_RESTART|SA_SIGINFO, sa_restorer=0x7d2a0af32520}, NULL, 8) = 0
rt_sigprocmask(SIG_UNBLOCK, [RTMIN RT_1], NULL, 8) = 0
mmap(NULL, 8392704, PROT_NONE, MAP_PRIVATE|MAP_ANONYMOUS|MAP_STACK, -1, 0) = 0x7d2a0a6ec000
mprotect(0x7d2a0a6ed000, 8388608, PROT_READ|PROT_WRITE) = 0
rt_sigprocmask(SIG_BLOCK, ~[], [], 8)   = 0
clone3({flags=CLONE_VM|CLONE_FS|CLONE_FILES|CLONE_SIGHAND|CLONE_THREAD|CLONE_SYSVSEM|CLONE_SETTLS|CLONE_PARENT_SETTID|CLONE_CHILD_CLEARTID, child_tid=0x7d2a0aeec910, parent_tid=0x7d2a0aeec910, exit_signal=0, stack=0x7d2a0a6ec000, stack_size=0x7fff00, tls=0x7d2a0aeec640} => {parent_tid=[19614]}, 88) = 19614
rt_sigprocmask(SIG_SETMASK, [], NULL, 8) = 0
getpid()                                = 19613
mmap(NULL, 8392704, PROT_NONE, MAP_PRIVATE|MAP_ANONYMOUS|MAP_STACK, -1, 0) = 0x7d2a09eeb000
mprotect(0x7d2a09eec000, 8388608, PROT_READ|PROT_WRITE) = 0
rt_sigprocmask(SIG_BLOCK, ~[], [], 8)   = 0
clone3({flags=CLONE_VM|CLONE_FS|CLONE_FILES|CLONE_SIGHAND|CLONE_THREAD|CLONE_SYSVSEM|CLONE_SETTLS|CLONE_PARENT_SETTID|CLONE_CHILD_CLEARTID, child_tid=0x7d2a0a6eb910, parent_tid=0x7d2a0a6eb910, exit_signal=0, stack=0x7d2a09eeb000, stack_size=0x7fff00, tls=0x7d2a0a6eb640} => {parent_tid=[19615]}, 88) = 19615
rt_sigprocmask(SIG_SETMASK, [], NULL, 8) = 0
getpid()                                = 19613
mmap(NULL, 8392704, PROT_NONE, MAP_PRIVATE|MAP_ANONYMOUS|MAP_STACK, -1, 0) = 0x7d2a096ea000
mprotect(0x7d2a096eb000, 8388608, PROT_READ|PROT_WRITE) = 0
rt_sigprocmask(SIG_BLOCK, ~[], [], 8)   = 0
clone3({flags=CLONE_VM|CLONE_FS|CLONE_FILES|CLONE_SIGHAND|CLONE_THREAD|CLONE_SYSVSEM|CLONE_SETTLS|CLONE_PARENT_SETTID|CLONE_CHILD_CLEARTID, child_tid=0x7d2a09eea910, parent_tid=0x7d2a09eea910, exit_signal=0, stack=0x7d2a096ea000, stack_size=0x7fff00, tls=0x7d2a09eea640} => {parent_tid=[19616]}, 88) = 19616
rt_sigprocmask(SIG_SETMASK, [], NULL, 8) = 0
getpid()                                = 19613
mmap(NULL, 8392704, PROT_NONE, MAP_PRIVATE|MAP_ANONYMOUS|MAP_STACK, -1, 0) = 0x7d2a08ee9000
mprotect(0x7d2a08eea000, 8388608, PROT_READ|PROT_WRITE) = 0
rt_sigprocmask(SIG_BLOCK, ~[], [], 8)   = 0
clone3({flags=CLONE_VM|CLONE_FS|CLONE_FILES|CLONE_SIGHAND|CLONE_THREAD|CLONE_SYSVSEM|CLONE_SETTLS|CLONE_PARENT_SETTID|CLONE_CHILD_CLEARTID, child_tid=0x7d2a096e9910, parent_tid=0x7d2a096e9910, exit_signal=0, stack=0x7d2a08ee9000, stack_size=0x7fff00, tls=0x7d2a096e9640} => {parent_tid=[19617]}, 88) = 19617
rt_sigprocmask(SIG_SETMASK, [], NULL, 8) = 0
futex(0x7d2a0aeec910, FUTEX_WAIT_BITSET|FUTEX_CLOCK_REALTIME, 19614, NULL, FUTEX_BITSET_MATCH_ANY) = 0
futex(0x7d2a096e9910, FUTEX_WAIT_BITSET|FUTEX_CLOCK_REALTIME, 19617, NULL, FUTEX_BITSET_MATCH_ANY) = 0
newfstatat(1, "", {st_mode=S_IFCHR|0620, st_rdev=makedev(0x88, 0x1), ...}, AT_EMPTY_PATH) = 0
write(1, "Simulations: 1000000\n", 21)  = 21
write(1, "Threads used: 4\n", 16)       = 16
write(1, "K=10, cur_round=3, remaining_rou"..., 38) = 38
write(1, "Wins A: 561227 (56.122700%)\n", 28) = 28
write(1, "Wins B: 398557 (39.855700%)\n", 28) = 28
write(1, "Ties  : 40216 (4.021600%)\n", 26) = 26
write(1, "Elapsed time: 0.115858 s\n", 25) = 25
exit_group(0)                           = ?
+++ exited with 0 +++
